   ▲ Next.js 15.2.1

   Creating an optimized production build ...
 ✓ Compiled successfully
   Linting and checking validity of types ...
   Collecting page data ...
   Generating static pages (0/5) ...
   Generating static pages (1/5) 
   Generating static pages (2/5) 
   Generating static pages (3/5) 
 ✓ Generating static pages (5/5)
   Finalizing page optimization ...
   Collecting build traces ...

Route (app)                                 Size  First Load JS
┌ ○ /                                    65.4 kB         166 kB
└ ○ /_not-found                            977 B         101 kB
+ First Load JS shared by all             100 kB
  ├ chunks/4bd1b696-f5687fc68b170beb.js  53.3 kB
  ├ chunks/684-3bb38534131d7893.js       45.3 kB
  └ other shared chunks (total)          1.91 kB


○  (Static)  prerendered as static content

